[36mvite v5.4.21 [32mbuilding for production...[36m[39m
transforming...
[32mΓ£ô[39m 1033 modules transformed.
node.exe : [31mx[39m 
Build failed in 1.22s
At line:1 char:1
+ & "C:\Program 
Files\nodejs/node.exe" 
"C:\Program 
Files\nodejs/node_mo 
...
+ ~~~~~~~~~~~~~~~~~~~~~
~~~~~~~~~~~~~~~~~~~~~~~
~~~~~~~~~~~~~~~~~~~~~~~
~~
    + CategoryInfo     
         : NotSpecifi  
  ed: ([31mx[39m B   
 uild failed in 1.2    
2s:String) [], Rem    
oteException
    + FullyQualifiedEr 
   rorId : NativeComm  
  andError
 
[31merror during 
build:
[31mCould not resolve 
"../sounds" from "src/c
omponents/Timer.jsx"[3
1m
file: [36mE:/Kush/WebD
ev/projects/WorkShop1/s
rc/components/Timer.jsx
[31m
    at getRollupError (
file:///E:/Kush/WebDev/
projects/WorkShop1/node
_modules/rollup/dist/es
/shared/parseAst.js:406
:41)
    at error (file:///E
:/Kush/WebDev/projects/
WorkShop1/node_modules/
rollup/dist/es/shared/p
arseAst.js:402:42)
    at ModuleLoader.han
dleInvalidResolvedId (f
ile:///E:/Kush/WebDev/p
rojects/WorkShop1/node_
modules/rollup/dist/es/
shared/node-entry.js:21
765:24)
    at file:///E:/Kush/
WebDev/projects/WorkSho
p1/node_modules/rollup/
dist/es/shared/node-ent
ry.js:21725:26[39m
